[2023-02-21T02:31:33.211+0000][172][gc,init] CardTable entry size: 512
[2023-02-21T02:31:33.215+0000][172][gc     ] Using G1
[2023-02-21T02:31:33.227+0000][172][gc,init] Version: 19.0.2+7-44 (release)
[2023-02-21T02:31:33.228+0000][172][gc,init] CPUs: 4 total, 4 available
[2023-02-21T02:31:33.228+0000][172][gc,init] Memory: 7851M
[2023-02-21T02:31:33.229+0000][172][gc,init] Large Page Support: Disabled
[2023-02-21T02:31:33.230+0000][172][gc,init] NUMA Support: Disabled
[2023-02-21T02:31:33.237+0000][172][gc,init] Compressed Oops: Enabled (32-bit)
[2023-02-21T02:31:33.238+0000][172][gc,init] Heap Region Size: 1M
[2023-02-21T02:31:33.250+0000][172][gc,init] Heap Min Capacity: 512M
[2023-02-21T02:31:33.255+0000][172][gc,init] Heap Initial Capacity: 512M
[2023-02-21T02:31:33.256+0000][172][gc,init] Heap Max Capacity: 512M
[2023-02-21T02:31:33.257+0000][172][gc,init] Pre-touch: Disabled
[2023-02-21T02:31:33.258+0000][172][gc,init] Parallel Workers: 4
[2023-02-21T02:31:33.259+0000][172][gc,init] Concurrent Workers: 1
[2023-02-21T02:31:33.260+0000][172][gc,init] Concurrent Refinement Workers: 4
[2023-02-21T02:31:33.262+0000][172][gc,init] Periodic GC: Disabled
[2023-02-21T02:31:33.263+0000][172][gc,metaspace] CDS archive(s) not mapped
[2023-02-21T02:31:33.266+0000][172][gc,metaspace] Compressed class space mapped at: 0x0000000100000000-0x0000000140000000, reserved size: 1073741824
[2023-02-21T02:31:33.270+0000][172][gc,metaspace] Narrow klass base: 0x0000000000000000, Narrow klass shift: 3, Narrow klass range: 0x140000000
[2023-02-21T02:31:33.693+0000][172][gc,heap,exit] Heap
[2023-02-21T02:31:33.698+0000][172][gc,heap,exit]  garbage-first heap   total 524288K, used 2050K [0x00000000e0000000, 0x0000000100000000)
[2023-02-21T02:31:33.706+0000][172][gc,heap,exit]   region size 1024K, 3 young (3072K), 0 survivors (0K)
[2023-02-21T02:31:33.717+0000][172][gc,heap,exit]  Metaspace       used 3813K, committed 3904K, reserved 1114112K
[2023-02-21T02:31:33.719+0000][172][gc,heap,exit]   class space    used 286K, committed 320K, reserved 1048576K
